2026.09.16 11:05:07 INFO  Started: Metals version 1.6.9 in folders 'C:\Users\Victor\Desktop\visual\scala-vscode' for client Visual Studio Code 1.137.0.
2026.09.16 11:05:07 INFO  Memory monitor started
2026.09.16 11:05:08 WARN  Using H2 2.5.250 which is newer than the version Flyway has been verified with. The latest verified version of H2 is 2.3.232.
2026.09.16 11:05:26 INFO  no build target found for C:\Users\Victor\Desktop\visual\scala-vscode\build.sbt. Using presentation compiler with project's scala-library version: 3.3.8
2026.09.16 11:05:55 WARN  no build target for: C:\Users\Victor\Desktop\visual\scala-vscode\build.sbt
sept 16, 2026 11:05:55 A. M. org.eclipse.lsp4j.jsonrpc.RemoteEndpoint handleCancellation
ADVERTENCIA: Unmatched cancel notification for request id 1
2026.09.16 11:05:55 INFO  no build target found for C:\Users\Victor\Desktop\visual\scala-vscode\build.sbt. Using presentation compiler with project's scala-library version: 3.3.8
2026.09.16 11:05:55 INFO  no build target found for C:\Users\Victor\Desktop\visual\scala-vscode\build.sbt. Using presentation compiler with project's scala-library version: 3.3.8
2026.09.16 11:05:55 INFO  no build target found for C:\Users\Victor\Desktop\visual\scala-vscode\build.sbt. Using presentation compiler with project's scala-library version: 3.3.8
2026.09.16 11:05:57 WARN  Could not find semantic tokens for: file:///C:/Users/Victor/Desktop/visual/scala-vscode/build.sbt
2026.09.16 11:05:59 INFO  no build target found for C:\Users\Victor\Desktop\visual\scala-vscode\build.sbt. Using presentation compiler with project's scala-library version: 3.3.8
2026.09.16 11:05:59 WARN  Could not find semantic tokens for: file:///C:/Users/Victor/Desktop/visual/scala-vscode/build.sbt
2026.09.16 11:06:09 INFO  no build target found for C:\Users\Victor\Desktop\visual\scala-vscode\src\main\scala\Main.scala. Using presentation compiler with project's scala-library version: 3.3.8
2026.09.16 11:06:09 WARN  Could not find semantic tokens for: file:///C:/Users/Victor/Desktop/visual/scala-vscode/src/main/scala/Main.scala
2026.09.16 11:06:14 INFO  no build target found for C:\Users\Victor\Desktop\visual\scala-vscode\src\main\scala\Main.scala. Using presentation compiler with project's scala-library version: 3.3.8
2026.09.16 11:06:14 INFO  no build target found for C:\Users\Victor\Desktop\visual\scala-vscode\src\main\scala\Main.scala. Using presentation compiler with project's scala-library version: 3.3.8
2026.09.16 11:06:14 INFO  no build target found for C:\Users\Victor\Desktop\visual\scala-vscode\src\main\scala\Main.scala. Using presentation compiler with project's scala-library version: 3.3.8
2026.09.16 11:06:17 WARN  no build target for: C:\Users\Victor\Desktop\visual\scala-vscode\src\main\scala\Main.scala
2026.09.16 11:06:17 INFO  no build target found for C:\Users\Victor\Desktop\visual\scala-vscode\src\main\scala\Main.scala. Using presentation compiler with project's scala-library version: 3.3.8
2026.09.16 11:06:17 INFO  no build target found for C:\Users\Victor\Desktop\visual\scala-vscode\src\main\scala\Main.scala. Using presentation compiler with project's scala-library version: 3.3.8
2026.09.16 11:06:43 INFO  no build target found for C:\Users\Victor\Desktop\visual\scala-vscode\build.sbt. Using presentation compiler with project's scala-library version: 3.3.8
2026.09.16 11:06:43 WARN  no build target for: C:\Users\Victor\Desktop\visual\scala-vscode\build.sbt
2026.09.16 11:06:43 INFO  no build target found for C:\Users\Victor\Desktop\visual\scala-vscode\build.sbt. Using presentation compiler with project's scala-library version: 3.3.8
2026.09.16 11:06:43 INFO  no build target found for C:\Users\Victor\Desktop\visual\scala-vscode\build.sbt. Using presentation compiler with project's scala-library version: 3.3.8
sept 16, 2026 11:06:43 A. M. org.eclipse.lsp4j.jsonrpc.RemoteEndpoint handleCancellation
ADVERTENCIA: Unmatched cancel notification for request id 33
2026.09.16 11:06:43 INFO  no build target found for C:\Users\Victor\Desktop\visual\scala-vscode\build.sbt. Using presentation compiler with project's scala-library version: 3.3.8
2026.09.16 11:06:43 WARN  Could not find semantic tokens for: file:///C:/Users/Victor/Desktop/visual/scala-vscode/build.sbt
2026.09.16 11:06:43 INFO  no build target found for C:\Users\Victor\Desktop\visual\scala-vscode\src\main\scala\Main.scala. Using presentation compiler with project's scala-library version: 3.3.8
2026.09.16 11:06:44 WARN  no build target for: C:\Users\Victor\Desktop\visual\scala-vscode\src\main\scala\Main.scala
2026.09.16 11:06:43 INFO  no build target found for C:\Users\Victor\Desktop\visual\scala-vscode\src\main\scala\Main.scala. Using presentation compiler with project's scala-library version: 3.3.8
2026.09.16 11:06:44 INFO  no build target found for C:\Users\Victor\Desktop\visual\scala-vscode\src\main\scala\Main.scala. Using presentation compiler with project's scala-library version: 3.3.8
2026.09.16 11:06:43 INFO  no build target found for C:\Users\Victor\Desktop\visual\scala-vscode\src\main\scala\Main.scala. Using presentation compiler with project's scala-library version: 3.3.8
2026.09.16 11:07:40 INFO  no build target found for C:\Users\Victor\Desktop\visual\scala-vscode\src\main\scala\Main.scala. Using presentation compiler with project's scala-library version: 3.3.8
2026.09.16 11:07:40 WARN  no build target for: C:\Users\Victor\Desktop\visual\scala-vscode\src\main\scala\Main.scala
2026.09.16 11:07:40 INFO  no build target found for C:\Users\Victor\Desktop\visual\scala-vscode\src\main\scala\Main.scala. Using presentation compiler with project's scala-library version: 3.3.8
2026.09.16 11:07:40 INFO  no build target found for C:\Users\Victor\Desktop\visual\scala-vscode\src\main\scala\Main.scala. Using presentation compiler with project's scala-library version: 3.3.8
2026.09.16 11:07:40 INFO  no build target found for C:\Users\Victor\Desktop\visual\scala-vscode\src\main\scala\Main.scala. Using presentation compiler with project's scala-library version: 3.3.8
2026.09.16 11:08:24 INFO  running 'C:\Program Files\Eclipse Adoptium\jdk-17.0.20.101-hotspot\bin\java.exe -Djline.terminal=jline.UnsupportedTerminal -Dsbt.log.noformat=true -Dfile.encoding=UTF-8 -Dsbt.version=1.13.0 -jar C:\Users\Victor\AppData\Local\Temp\metals8607543712230595757\sbt-launch.jar -Dbloop.export-jar-classifiers=sources -Dbloop.export-meta-build=true bloopInstall'
2026.09.16 11:08:25 WARN  no build target for: C:\Users\Victor\Desktop\visual\scala-vscode\project\metals.sbt
2026.09.16 11:08:25 INFO  no build target found for C:\Users\Victor\Desktop\visual\scala-vscode\project\metals.sbt. Using presentation compiler with project's scala-library version: 3.3.8
2026.09.16 11:08:24 WARN  no build target for: C:\Users\Victor\Desktop\visual\scala-vscode\project\project\metals.sbt
2026.09.16 11:08:24 INFO  no build target found for C:\Users\Victor\Desktop\visual\scala-vscode\src\main\scala\Main.scala. Using presentation compiler with project's scala-library version: 3.3.8
2026.09.16 11:08:25 ERROR [info] [launcher] getting org.scala-sbt sbt 1.13.0  (this may take some time)...
2026.09.16 11:08:25 INFO  no build target found for C:\Users\Victor\Desktop\visual\scala-vscode\project\project\metals.sbt. Using presentation compiler with project's scala-library version: 3.3.8
2026.09.16 11:08:30 INFO  no build target found for C:\Users\Victor\Desktop\visual\scala-vscode\project\metals.sbt. Using presentation compiler with project's scala-library version: 3.3.8
2026.09.16 11:08:30 INFO  no build target found for C:\Users\Victor\Desktop\visual\scala-vscode\project\metals.sbt. Using presentation compiler with project's scala-library version: 3.3.8
2026.09.16 11:08:30 INFO  no build target found for C:\Users\Victor\Desktop\visual\scala-vscode\project\metals.sbt. Using presentation compiler with project's scala-library version: 3.3.8
2026.09.16 11:08:31 WARN  Could not find semantic tokens for: file:///C:/Users/Victor/Desktop/visual/scala-vscode/project/metals.sbt
2026.09.16 11:08:32 INFO  no build target found for C:\Users\Victor\Desktop\visual\scala-vscode\project\metals.sbt. Using presentation compiler with project's scala-library version: 3.3.8
2026.09.16 11:08:32 INFO  no build target found for C:\Users\Victor\Desktop\visual\scala-vscode\project\project\metals.sbt. Using presentation compiler with project's scala-library version: 3.3.8
sept 16, 2026 11:08:32 A. M. org.eclipse.lsp4j.jsonrpc.RemoteEndpoint handleCancellation
ADVERTENCIA: Unmatched cancel notification for request id 71
2026.09.16 11:08:32 INFO  no build target found for C:\Users\Victor\Desktop\visual\scala-vscode\project\project\metals.sbt. Using presentation compiler with project's scala-library version: 3.3.8
2026.09.16 11:08:32 INFO  no build target found for C:\Users\Victor\Desktop\visual\scala-vscode\project\project\metals.sbt. Using presentation compiler with project's scala-library version: 3.3.8
2026.09.16 11:08:32 WARN  Could not find semantic tokens for: file:///C:/Users/Victor/Desktop/visual/scala-vscode/project/project/metals.sbt
2026.09.16 11:08:35 INFO  no build target found for C:\Users\Victor\Desktop\visual\scala-vscode\build.sbt. Using presentation compiler with project's scala-library version: 3.3.8
2026.09.16 11:08:36 INFO  no build target found for C:\Users\Victor\Desktop\visual\scala-vscode\project\project\metals.sbt. Using presentation compiler with project's scala-library version: 3.3.8
2026.09.16 11:08:36 INFO  no build target found for C:\Users\Victor\Desktop\visual\scala-vscode\src\main\scala\Main.scala. Using presentation compiler with project's scala-library version: 3.3.8
2026.09.16 11:08:36 WARN  no build target for: C:\Users\Victor\Desktop\visual\scala-vscode\src\main\scala\Main.scala
2026.09.16 11:08:36 INFO  no build target found for C:\Users\Victor\Desktop\visual\scala-vscode\src\main\scala\Main.scala. Using presentation compiler with project's scala-library version: 3.3.8
sept 16, 2026 11:08:36 A. M. org.eclipse.lsp4j.jsonrpc.RemoteEndpoint handleCancellation
ADVERTENCIA: Unmatched cancel notification for request id 82
2026.09.16 11:08:36 INFO  no build target found for C:\Users\Victor\Desktop\visual\scala-vscode\src\main\scala\Main.scala. Using presentation compiler with project's scala-library version: 3.3.8
2026.09.16 11:08:36 INFO  no build target found for C:\Users\Victor\Desktop\visual\scala-vscode\src\main\scala\Main.scala. Using presentation compiler with project's scala-library version: 3.3.8
2026.09.16 11:08:37 INFO  no build target found for C:\Users\Victor\Desktop\visual\scala-vscode\src\main\scala\Main.scala. Using presentation compiler with project's scala-library version: 3.3.8
sept 16, 2026 11:08:49 A. M. org.eclipse.lsp4j.jsonrpc.services.GenericEndpoint notify
INFORMACIÓN: Unsupported notification method: $/setTrace
2026.09.16 11:08:55 ERROR [info] [launcher] getting Scala 2.12.21 (for sbt)...
2026.09.16 11:08:58 INFO  [info] Updated file C:\Users\Victor\Desktop\visual\scala-vscode\project\build.properties: set sbt.version to 1.13.0
2026.09.16 11:08:58 INFO  [info] welcome to sbt 1.13.0 (Eclipse Adoptium Java 17.0.20.1)
2026.09.16 11:09:03 INFO  [info] loading settings for project scala-vscode-build-build from metals.sbt...
2026.09.16 11:09:04 INFO  [info] loading project definition from C:\Users\Victor\Desktop\visual\scala-vscode\project\project
2026.09.16 11:09:10 INFO  [info] loading settings for project scala-vscode-build from metals.sbt...
2026.09.16 11:09:10 INFO  [info] loading project definition from C:\Users\Victor\Desktop\visual\scala-vscode\project
2026.09.16 11:09:22 INFO  [success] Generated .bloop\scala-vscode-build.json
2026.09.16 11:09:22 INFO  [success] Total time: 12 s, completed 16 sept 2026 11:09:22
2026.09.16 11:09:23 INFO  [info] loading settings for project scala-vscode from build.sbt...
2026.09.16 11:09:23 INFO  [info] set current project to scala-vscode (in build file:/C:/Users/Victor/Desktop/visual/scala-vscode/)
2026.09.16 11:09:23 INFO  [success] Generated .bloop\scala-vscode-test.json
2026.09.16 11:09:23 INFO  [success] Generated .bloop\scala-vscode.json
2026.09.16 11:09:23 INFO  [success] Total time: 0 s, completed 16 sept 2026 11:09:24
2026.09.16 11:09:24 INFO  time: ran 'sbt bloopInstall' in 1m
2026.09.16 11:09:24 INFO  Attempting to connect to the build server...
2026.09.16 11:09:24 INFO  No running Bloop server found, starting one.
2026.09.16 11:10:16 INFO  Starting compilation server
2026.09.16 11:10:17 INFO  Tracing is disabled for protocol BSP. To enable tracing of incoming and outgoing JSON messages, create an empty file at C:\Users\Victor\Desktop\visual\scala-vscode\.metals\bsp.trace.json or C:\Users\Victor\AppData\Local\scalameta\metals\cache\bsp.trace.json
2026.09.16 11:10:37 INFO  Attempting to connect to the build server...
2026.09.16 11:10:37 INFO  Found a Bloop server running
2026.09.16 11:10:37 INFO  Tracing is disabled for protocol BSP. To enable tracing of incoming and outgoing JSON messages, create an empty file at C:\Users\Victor\Desktop\visual\scala-vscode\project\.metals\bsp.trace.json or C:\Users\Victor\AppData\Local\scalameta\metals\cache\bsp.trace.json
2026.09.16 11:10:38 INFO  time: Connected to build server in 1m13s
2026.09.16 11:10:37 INFO  Connected to Build server: Bloop v2.1.2
2026.09.16 11:10:38 INFO  time: Imported build in 0.35s
2026.09.16 11:10:58 WARN  Using H2 2.5.250 which is newer than the version Flyway has been verified with. The latest verified version of H2 is 2.3.232.
2026.09.16 11:11:30 INFO  time: indexed workspace in 51s
2026.09.16 11:11:30 INFO  no build target found for C:\Users\Victor\Desktop\visual\scala-vscode\project\project\metals.sbt. Using presentation compiler with project's scala-library version: 2.12.21
2026.09.16 11:11:30 WARN  no build target for: C:\Users\Victor\Desktop\visual\scala-vscode\project\metals.sbt
2026.09.16 11:11:30 WARN  no build target for: C:\Users\Victor\Desktop\visual\scala-vscode\project\project\metals.sbt
2026.09.16 11:11:32 INFO  compiling scala-vscode (1 scala source)
2026.09.16 11:11:32 INFO  Non-compiled module 'compiler-bridge_2.12' for Scala 2.12.21. Compiling...
2026.09.16 11:11:40 INFO  no build target found for C:\Users\Victor\Desktop\visual\scala-vscode\project\metals.sbt. Using presentation compiler with project's scala-library version: 2.12.21
2026.09.16 11:11:40 INFO  time: code lens generation in 10s
2026.09.16 11:11:40 INFO  time: code lens generation in 10s
2026.09.16 11:11:40 INFO  time: code lens generation in 10s
2026.09.16 11:11:40 INFO  time: code lens generation in 10s
2026.09.16 11:12:06 INFO  Compilation completed in 33.829s.
2026.09.16 11:12:12 INFO  time: compiled scala-vscode in 40s
